// Jest Snapshot v1, https://goo.gl/fbAQLP

exports[`Test snapshot 1`] = `
"<h1>
  Headline
</h1>"
`;
