// Jest Snapshot v1, https://goo.gl/fbAQLP

exports[`Test snapshot 1`] = `"<header id=\\"top\\"><hero-stub></hero-stub> <navigation-stub></navigation-stub></header>"`;
